Product: MDK-ARM Professional 5.10
Component: ARM Compiler 5.04 update 1 (build 49)
Tool: armlink [5040049]

==============================================================================

Section Cross References

    main.o(i.main) refers to flash_as_eeprom.o(i.read_flash_HalfWord) for read_flash_HalfWord
    main.o(i.main) refers to flash_as_eeprom.o(i.write_flash_HalfWord) for write_flash_HalfWord
    main.o(i.main) refers to main.o(i.delay) for delay
    flash_as_eeprom.o(i.FLASH_ErasePage) refers to flash_as_eeprom.o(i.FLASH_WaitForLastOperation) for FLASH_WaitForLastOperation
    flash_as_eeprom.o(i.FLASH_ProgramHalfWord) refers to flash_as_eeprom.o(i.FLASH_WaitForLastOperation) for FLASH_WaitForLastOperation
    flash_as_eeprom.o(i.FLASH_WaitForLastOperation) refers to flash_as_eeprom.o(i.FLASH_GetStatus) for FLASH_GetStatus
    flash_as_eeprom.o(i.write_flash_HalfWord) refers to flash_as_eeprom.o(i.FLASH_WaitForLastOperation) for FLASH_WaitForLastOperation
    flash_as_eeprom.o(i.write_flash_HalfWord) refers to flash_as_eeprom.o(i.FLASH_Unlock) for FLASH_Unlock
    flash_as_eeprom.o(i.write_flash_HalfWord) refers to flash_as_eeprom.o(i.FLASH_ErasePage) for FLASH_ErasePage
    flash_as_eeprom.o(i.write_flash_HalfWord) refers to flash_as_eeprom.o(i.FLASH_ProgramHalfWord) for FLASH_ProgramHalfWord
    flash_as_eeprom.o(i.write_flash_HalfWord) refers to flash_as_eeprom.o(i.FLASH_Lock) for FLASH_Lock
    startup_stm32f030x8.o(RESET) refers to startup_stm32f030x8.o(STACK) for __initial_sp
    startup_stm32f030x8.o(RESET) refers to startup_stm32f030x8.o(.text) for Reset_Handler
    startup_stm32f030x8.o(.text) refers to system_stm32f0xx.o(i.SystemInit) for SystemInit
    startup_stm32f030x8.o(.text) refers to entry.o(.ARM.Collect$$$$00000000) for __main
    system_stm32f0xx.o(i.SystemCoreClockUpdate) refers to uidiv.o(.text) for __aeabi_uidivmod
    system_stm32f0xx.o(i.SystemCoreClockUpdate) refers to system_stm32f0xx.o(.data) for SystemCoreClock
    system_stm32f0xx.o(i.SystemCoreClockUpdate) refers to system_stm32f0xx.o(.constdata) for AHBPrescTable
    entry.o(.ARM.Collect$$$$00000000) refers (Special) to entry10a.o(.ARM.Collect$$$$0000000D) for __rt_final_cpp
    entry.o(.ARM.Collect$$$$00000000) refers (Special) to entry11a.o(.ARM.Collect$$$$0000000F) for __rt_final_exit
    entry.o(.ARM.Collect$$$$00000000) refers (Special) to entry7b.o(.ARM.Collect$$$$00000008) for _main_clock
    entry.o(.ARM.Collect$$$$00000000) refers (Special) to entry8b.o(.ARM.Collect$$$$0000000A) for _main_cpp_init
    entry.o(.ARM.Collect$$$$00000000) refers (Special) to entry9a.o(.ARM.Collect$$$$0000000B) for _main_init
    entry.o(.ARM.Collect$$$$00000000) refers (Special) to entry5.o(.ARM.Collect$$$$00000004) for _main_scatterload
    entry.o(.ARM.Collect$$$$00000000) refers (Special) to entry2.o(.ARM.Collect$$$$00000001) for _main_stk
    entry2.o(.ARM.Collect$$$$00000001) refers to entry2.o(.ARM.Collect$$$$00002712) for __lit__00000000
    entry2.o(.ARM.Collect$$$$00002712) refers to startup_stm32f030x8.o(STACK) for __initial_sp
    entry2.o(__vectab_stack_and_reset_area) refers to startup_stm32f030x8.o(STACK) for __initial_sp
    entry2.o(__vectab_stack_and_reset_area) refers to entry.o(.ARM.Collect$$$$00000000) for __main
    entry5.o(.ARM.Collect$$$$00000004) refers to init.o(.text) for __scatterload
    entry9a.o(.ARM.Collect$$$$0000000B) refers to main.o(i.main) for main
    entry9b.o(.ARM.Collect$$$$0000000C) refers to main.o(i.main) for main
    init.o(.text) refers to entry5.o(.ARM.Collect$$$$00000004) for __main_after_scatterload


==============================================================================

Removing Unused input sections from the image.

    Removing main.o(.rev16_text), (4 bytes).
    Removing main.o(.revsh_text), (4 bytes).
    Removing flash_as_eeprom.o(.rev16_text), (4 bytes).
    Removing flash_as_eeprom.o(.revsh_text), (4 bytes).
    Removing startup_stm32f030x8.o(HEAP), (512 bytes).
    Removing system_stm32f0xx.o(.rev16_text), (4 bytes).
    Removing system_stm32f0xx.o(.revsh_text), (4 bytes).
    Removing system_stm32f0xx.o(i.SystemCoreClockUpdate), (176 bytes).
    Removing system_stm32f0xx.o(.constdata), (16 bytes).
    Removing system_stm32f0xx.o(.data), (4 bytes).

10 unused section(s) (total 732 bytes) removed from the image.

==============================================================================

Image Symbol Table

    Local Symbols

    Symbol Name                              Value     Ov Type        Size  Object(Section)

    ../clib/microlib/division.c              0x00000000   Number         0  uidiv.o ABSOLUTE
    ../clib/microlib/init/entry.s            0x00000000   Number         0  entry11b.o ABSOLUTE
    ../clib/microlib/init/entry.s            0x00000000   Number         0  entry11a.o ABSOLUTE
    ../clib/microlib/init/entry.s            0x00000000   Number         0  entry10b.o ABSOLUTE
    ../clib/microlib/init/entry.s            0x00000000   Number         0  entry10a.o ABSOLUTE
    ../clib/microlib/init/entry.s            0x00000000   Number         0  entry9b.o ABSOLUTE
    ../clib/microlib/init/entry.s            0x00000000   Number         0  entry9a.o ABSOLUTE
    ../clib/microlib/init/entry.s            0x00000000   Number         0  entry8b.o ABSOLUTE
    ../clib/microlib/init/entry.s            0x00000000   Number         0  entry8a.o ABSOLUTE
    ../clib/microlib/init/entry.s            0x00000000   Number         0  entry7a.o ABSOLUTE
    ../clib/microlib/init/entry.s            0x00000000   Number         0  entry5.o ABSOLUTE
    ../clib/microlib/init/entry.s            0x00000000   Number         0  entry7b.o ABSOLUTE
    ../clib/microlib/init/entry.s            0x00000000   Number         0  entry.o ABSOLUTE
    ../clib/microlib/init/entry.s            0x00000000   Number         0  entry2.o ABSOLUTE
    Startup\\system_stm32f0xx.c              0x00000000   Number         0  system_stm32f0xx.o ABSOLUTE
    Startup\startup_stm32f030x8.s            0x00000000   Number         0  startup_stm32f030x8.o ABSOLUTE
    Startup\system_stm32f0xx.c               0x00000000   Number         0  system_stm32f0xx.o ABSOLUTE
    User\\flash_as_eeprom.c                  0x00000000   Number         0  flash_as_eeprom.o ABSOLUTE
    User\\main.c                             0x00000000   Number         0  main.o ABSOLUTE
    User\flash_as_eeprom.c                   0x00000000   Number         0  flash_as_eeprom.o ABSOLUTE
    User\main.c                              0x00000000   Number         0  main.o ABSOLUTE
    dc.s                                     0x00000000   Number         0  dc.o ABSOLUTE
    handlers.s                               0x00000000   Number         0  handlers.o ABSOLUTE
    init.s                                   0x00000000   Number         0  init.o ABSOLUTE
    RESET                                    0x08000000   Section      180  startup_stm32f030x8.o(RESET)
    .ARM.Collect$$$$00000000                 0x080000b4   Section        0  entry.o(.ARM.Collect$$$$00000000)
    .ARM.Collect$$$$00000001                 0x080000b4   Section        4  entry2.o(.ARM.Collect$$$$00000001)
    .ARM.Collect$$$$00000004                 0x080000b8   Section        4  entry5.o(.ARM.Collect$$$$00000004)
    .ARM.Collect$$$$00000008                 0x080000bc   Section        0  entry7b.o(.ARM.Collect$$$$00000008)
    .ARM.Collect$$$$0000000A                 0x080000bc   Section        0  entry8b.o(.ARM.Collect$$$$0000000A)
    .ARM.Collect$$$$0000000B                 0x080000bc   Section        8  entry9a.o(.ARM.Collect$$$$0000000B)
    .ARM.Collect$$$$0000000D                 0x080000c4   Section        0  entry10a.o(.ARM.Collect$$$$0000000D)
    .ARM.Collect$$$$0000000F                 0x080000c4   Section        0  entry11a.o(.ARM.Collect$$$$0000000F)
    .ARM.Collect$$$$00002712                 0x080000c4   Section        4  entry2.o(.ARM.Collect$$$$00002712)
    __lit__00000000                          0x080000c4   Data           4  entry2.o(.ARM.Collect$$$$00002712)
    .text                                    0x080000c8   Section       28  startup_stm32f030x8.o(.text)
    .text                                    0x080000e4   Section       36  init.o(.text)
    i.FLASH_ErasePage                        0x08000108   Section        0  flash_as_eeprom.o(i.FLASH_ErasePage)
    i.FLASH_GetStatus                        0x08000154   Section        0  flash_as_eeprom.o(i.FLASH_GetStatus)
    i.FLASH_Lock                             0x08000190   Section        0  flash_as_eeprom.o(i.FLASH_Lock)
    i.FLASH_ProgramHalfWord                  0x080001a4   Section        0  flash_as_eeprom.o(i.FLASH_ProgramHalfWord)
    i.FLASH_Unlock                           0x080001e8   Section        0  flash_as_eeprom.o(i.FLASH_Unlock)
    i.FLASH_WaitForLastOperation             0x0800020c   Section        0  flash_as_eeprom.o(i.FLASH_WaitForLastOperation)
    i.SystemInit                             0x08000234   Section        0  system_stm32f0xx.o(i.SystemInit)
    i.__scatterload_copy                     0x080002a8   Section       14  handlers.o(i.__scatterload_copy)
    i.__scatterload_null                     0x080002b6   Section        2  handlers.o(i.__scatterload_null)
    i.__scatterload_zeroinit                 0x080002b8   Section       14  handlers.o(i.__scatterload_zeroinit)
    i.delay                                  0x080002c6   Section        0  main.o(i.delay)
    i.main                                   0x080002d8   Section        0  main.o(i.main)
    i.read_flash_HalfWord                    0x080003c8   Section        0  flash_as_eeprom.o(i.read_flash_HalfWord)
    i.write_flash_HalfWord                   0x080003d8   Section        0  flash_as_eeprom.o(i.write_flash_HalfWord)
    STACK                                    0x20000000   Section     1024  startup_stm32f030x8.o(STACK)

    Global Symbols

    Symbol Name                              Value     Ov Type        Size  Object(Section)

    BuildAttributes$$THM_ISAv3M$S$PE$A:L22$X:L11$S22$IEEE1$IW$USESV6$~STKCKD$USESV7$~SHL$OSPACE$EBA8$MICROLIB$REQ8$PRES8$EABIv2 0x00000000   Number         0  anon$$obj.o ABSOLUTE
    __ARM_use_no_argv                        0x00000000   Number         0  main.o ABSOLUTE
    __cpp_initialize__aeabi_                  - Undefined Weak Reference
    __cxa_finalize                            - Undefined Weak Reference
    __decompress                              - Undefined Weak Reference
    _clock_init                               - Undefined Weak Reference
    _microlib_exit                            - Undefined Weak Reference
    __Vectors_Size                           0x000000b4   Number         0  startup_stm32f030x8.o ABSOLUTE
    __Vectors                                0x08000000   Data           4  startup_stm32f030x8.o(RESET)
    __Vectors_End                            0x080000b4   Data           0  startup_stm32f030x8.o(RESET)
    __main                                   0x080000b5   Thumb Code     0  entry.o(.ARM.Collect$$$$00000000)
    _main_stk                                0x080000b5   Thumb Code     0  entry2.o(.ARM.Collect$$$$00000001)
    _main_scatterload                        0x080000b9   Thumb Code     0  entry5.o(.ARM.Collect$$$$00000004)
    __main_after_scatterload                 0x080000bd   Thumb Code     0  entry5.o(.ARM.Collect$$$$00000004)
    _main_clock                              0x080000bd   Thumb Code     0  entry7b.o(.ARM.Collect$$$$00000008)
    _main_cpp_init                           0x080000bd   Thumb Code     0  entry8b.o(.ARM.Collect$$$$0000000A)
    _main_init                               0x080000bd   Thumb Code     0  entry9a.o(.ARM.Collect$$$$0000000B)
    __rt_final_cpp                           0x080000c5   Thumb Code     0  entry10a.o(.ARM.Collect$$$$0000000D)
    __rt_final_exit                          0x080000c5   Thumb Code     0  entry11a.o(.ARM.Collect$$$$0000000F)
    Reset_Handler                            0x080000c9   Thumb Code     8  startup_stm32f030x8.o(.text)
    NMI_Handler                              0x080000d1   Thumb Code     2  startup_stm32f030x8.o(.text)
    HardFault_Handler                        0x080000d3   Thumb Code     2  startup_stm32f030x8.o(.text)
    SVC_Handler                              0x080000d5   Thumb Code     2  startup_stm32f030x8.o(.text)
    PendSV_Handler                           0x080000d7   Thumb Code     2  startup_stm32f030x8.o(.text)
    SysTick_Handler                          0x080000d9   Thumb Code     2  startup_stm32f030x8.o(.text)
    ADC1_IRQHandler                          0x080000db   Thumb Code     0  startup_stm32f030x8.o(.text)
    DMA1_Channel1_IRQHandler                 0x080000db   Thumb Code     0  startup_stm32f030x8.o(.text)
    DMA1_Channel2_3_IRQHandler               0x080000db   Thumb Code     0  startup_stm32f030x8.o(.text)
    DMA1_Channel4_5_IRQHandler               0x080000db   Thumb Code     0  startup_stm32f030x8.o(.text)
    EXTI0_1_IRQHandler                       0x080000db   Thumb Code     0  startup_stm32f030x8.o(.text)
    EXTI2_3_IRQHandler                       0x080000db   Thumb Code     0  startup_stm32f030x8.o(.text)
    EXTI4_15_IRQHandler                      0x080000db   Thumb Code     0  startup_stm32f030x8.o(.text)
    FLASH_IRQHandler                         0x080000db   Thumb Code     0  startup_stm32f030x8.o(.text)
    I2C1_IRQHandler                          0x080000db   Thumb Code     0  startup_stm32f030x8.o(.text)
    I2C2_IRQHandler                          0x080000db   Thumb Code     0  startup_stm32f030x8.o(.text)
    RCC_IRQHandler                           0x080000db   Thumb Code     0  startup_stm32f030x8.o(.text)
    RTC_IRQHandler                           0x080000db   Thumb Code     0  startup_stm32f030x8.o(.text)
    SPI1_IRQHandler                          0x080000db   Thumb Code     0  startup_stm32f030x8.o(.text)
    SPI2_IRQHandler                          0x080000db   Thumb Code     0  startup_stm32f030x8.o(.text)
    TIM14_IRQHandler                         0x080000db   Thumb Code     0  startup_stm32f030x8.o(.text)
    TIM15_IRQHandler                         0x080000db   Thumb Code     0  startup_stm32f030x8.o(.text)
    TIM16_IRQHandler                         0x080000db   Thumb Code     0  startup_stm32f030x8.o(.text)
    TIM17_IRQHandler                         0x080000db   Thumb Code     0  startup_stm32f030x8.o(.text)
    TIM1_BRK_UP_TRG_COM_IRQHandler           0x080000db   Thumb Code     0  startup_stm32f030x8.o(.text)
    TIM1_CC_IRQHandler                       0x080000db   Thumb Code     0  startup_stm32f030x8.o(.text)
    TIM3_IRQHandler                          0x080000db   Thumb Code     0  startup_stm32f030x8.o(.text)
    USART1_IRQHandler                        0x080000db   Thumb Code     0  startup_stm32f030x8.o(.text)
    USART2_IRQHandler                        0x080000db   Thumb Code     0  startup_stm32f030x8.o(.text)
    WWDG_IRQHandler                          0x080000db   Thumb Code     0  startup_stm32f030x8.o(.text)
    __scatterload                            0x080000e5   Thumb Code    28  init.o(.text)
    __scatterload_rt2                        0x080000e5   Thumb Code     0  init.o(.text)
    FLASH_ErasePage                          0x08000109   Thumb Code    72  flash_as_eeprom.o(i.FLASH_ErasePage)
    FLASH_GetStatus                          0x08000155   Thumb Code    54  flash_as_eeprom.o(i.FLASH_GetStatus)
    FLASH_Lock                               0x08000191   Thumb Code    14  flash_as_eeprom.o(i.FLASH_Lock)
    FLASH_ProgramHalfWord                    0x080001a5   Thumb Code    62  flash_as_eeprom.o(i.FLASH_ProgramHalfWord)
    FLASH_Unlock                             0x080001e9   Thumb Code    24  flash_as_eeprom.o(i.FLASH_Unlock)
    FLASH_WaitForLastOperation               0x0800020d   Thumb Code    40  flash_as_eeprom.o(i.FLASH_WaitForLastOperation)
    SystemInit                               0x08000235   Thumb Code   104  system_stm32f0xx.o(i.SystemInit)
    __scatterload_copy                       0x080002a9   Thumb Code    14  handlers.o(i.__scatterload_copy)
    __scatterload_null                       0x080002b7   Thumb Code     2  handlers.o(i.__scatterload_null)
    __scatterload_zeroinit                   0x080002b9   Thumb Code    14  handlers.o(i.__scatterload_zeroinit)
    delay                                    0x080002c7   Thumb Code    16  main.o(i.delay)
    main                                     0x080002d9   Thumb Code   226  main.o(i.main)
    read_flash_HalfWord                      0x080003c9   Thumb Code    10  flash_as_eeprom.o(i.read_flash_HalfWord)
    write_flash_HalfWord                     0x080003d9   Thumb Code    84  flash_as_eeprom.o(i.write_flash_HalfWord)
    Region$$Table$$Base                      0x08000434   Number         0  anon$$obj.o(Region$$Table)
    Region$$Table$$Limit                     0x08000444   Number         0  anon$$obj.o(Region$$Table)
    __initial_sp                             0x20000400   Data           0  startup_stm32f030x8.o(STACK)



==============================================================================

Memory Map of the image

  Image Entry point : 0x080000b5

  Load Region LR_IROM1 (Base: 0x08000000, Size: 0x00000444, Max: 0x00010000, ABSOLUTE)

    Execution Region ER_IROM1 (Exec base: 0x08000000, Load base: 0x08000000, Size: 0x00000444, Max: 0x00010000, ABSOLUTE)

    Exec Addr    Load Addr    Size         Type   Attr      Idx    E Section Name        Object

    0x08000000   0x08000000   0x000000b4   Data   RO          125    RESET               startup_stm32f030x8.o
    0x080000b4   0x080000b4   0x00000000   Code   RO          163  * .ARM.Collect$$$$00000000  mc_p.l(entry.o)
    0x080000b4   0x080000b4   0x00000004   Code   RO          168    .ARM.Collect$$$$00000001  mc_p.l(entry2.o)
    0x080000b8   0x080000b8   0x00000004   Code   RO          171    .ARM.Collect$$$$00000004  mc_p.l(entry5.o)
    0x080000bc   0x080000bc   0x00000000   Code   RO          173    .ARM.Collect$$$$00000008  mc_p.l(entry7b.o)
    0x080000bc   0x080000bc   0x00000000   Code   RO          175    .ARM.Collect$$$$0000000A  mc_p.l(entry8b.o)
    0x080000bc   0x080000bc   0x00000008   Code   RO          176    .ARM.Collect$$$$0000000B  mc_p.l(entry9a.o)
    0x080000c4   0x080000c4   0x00000000   Code   RO          178    .ARM.Collect$$$$0000000D  mc_p.l(entry10a.o)
    0x080000c4   0x080000c4   0x00000000   Code   RO          180    .ARM.Collect$$$$0000000F  mc_p.l(entry11a.o)
    0x080000c4   0x080000c4   0x00000004   Code   RO          169    .ARM.Collect$$$$00002712  mc_p.l(entry2.o)
    0x080000c8   0x080000c8   0x0000001c   Code   RO          126    .text               startup_stm32f030x8.o
    0x080000e4   0x080000e4   0x00000024   Code   RO          182    .text               mc_p.l(init.o)
    0x08000108   0x08000108   0x0000004c   Code   RO           63    i.FLASH_ErasePage   flash_as_eeprom.o
    0x08000154   0x08000154   0x0000003c   Code   RO           64    i.FLASH_GetStatus   flash_as_eeprom.o
    0x08000190   0x08000190   0x00000014   Code   RO           65    i.FLASH_Lock        flash_as_eeprom.o
    0x080001a4   0x080001a4   0x00000044   Code   RO           66    i.FLASH_ProgramHalfWord  flash_as_eeprom.o
    0x080001e8   0x080001e8   0x00000024   Code   RO           67    i.FLASH_Unlock      flash_as_eeprom.o
    0x0800020c   0x0800020c   0x00000028   Code   RO           68    i.FLASH_WaitForLastOperation  flash_as_eeprom.o
    0x08000234   0x08000234   0x00000074   Code   RO          133    i.SystemInit        system_stm32f0xx.o
    0x080002a8   0x080002a8   0x0000000e   Code   RO          186    i.__scatterload_copy  mc_p.l(handlers.o)
    0x080002b6   0x080002b6   0x00000002   Code   RO          187    i.__scatterload_null  mc_p.l(handlers.o)
    0x080002b8   0x080002b8   0x0000000e   Code   RO          188    i.__scatterload_zeroinit  mc_p.l(handlers.o)
    0x080002c6   0x080002c6   0x00000010   Code   RO            3    i.delay             main.o
    0x080002d6   0x080002d6   0x00000002   PAD
    0x080002d8   0x080002d8   0x000000f0   Code   RO            4    i.main              main.o
    0x080003c8   0x080003c8   0x00000010   Code   RO           69    i.read_flash_HalfWord  flash_as_eeprom.o
    0x080003d8   0x080003d8   0x0000005c   Code   RO           70    i.write_flash_HalfWord  flash_as_eeprom.o
    0x08000434   0x08000434   0x00000010   Data   RO          184    Region$$Table       anon$$obj.o


    Execution Region RW_IRAM1 (Exec base: 0x20000000, Load base: 0x08000444, Size: 0x00000400, Max: 0x00002000, ABSOLUTE)

    Exec Addr    Load Addr    Size         Type   Attr      Idx    E Section Name        Object

    0x20000000        -       0x00000400   Zero   RW          123    STACK               startup_stm32f030x8.o


==============================================================================

Image component sizes


      Code (inc. data)   RO Data    RW Data    ZI Data      Debug   Object Name

       408         48          0          0          0       4034   flash_as_eeprom.o
       256         14          0          0          0       5979   main.o
        28          8        180          0       1024        588   startup_stm32f030x8.o
       116         12          0          0          0        433   system_stm32f0xx.o

    ----------------------------------------------------------------------
       810         82        196          0       1024      11034   Object Totals
         0          0         16          0          0          0   (incl. Generated)
         2          0          0          0          0          0   (incl. Padding)

    ----------------------------------------------------------------------

      Code (inc. data)   RO Data    RW Data    ZI Data      Debug   Library Member Name

         0          0          0          0          0          0   entry.o
         0          0          0          0          0          0   entry10a.o
         0          0          0          0          0          0   entry11a.o
         8          4          0          0          0          0   entry2.o
         4          0          0          0          0          0   entry5.o
         0          0          0          0          0          0   entry7b.o
         0          0          0          0          0          0   entry8b.o
         8          4          0          0          0          0   entry9a.o
        30          0          0          0          0          0   handlers.o
        36          8          0          0          0         68   init.o

    ----------------------------------------------------------------------
        86         16          0          0          0         68   Library Totals
         0          0          0          0          0          0   (incl. Padding)

    ----------------------------------------------------------------------

      Code (inc. data)   RO Data    RW Data    ZI Data      Debug   Library Name

        86         16          0          0          0         68   mc_p.l

    ----------------------------------------------------------------------
        86         16          0          0          0         68   Library Totals

    ----------------------------------------------------------------------

==============================================================================


      Code (inc. data)   RO Data    RW Data    ZI Data      Debug   

       896         98        196          0       1024      10946   Grand Totals
       896         98        196          0       1024      10946   ELF Image Totals
       896         98        196          0          0          0   ROM Totals

==============================================================================

    Total RO  Size (Code + RO Data)                 1092 (   1.07kB)
    Total RW  Size (RW Data + ZI Data)              1024 (   1.00kB)
    Total ROM Size (Code + RO Data + RW Data)       1092 (   1.07kB)

==============================================================================

